{"conditions":[{"edge_id":1001,"observed_at_epoch_seconds":1787284353,"source":"hackathon_open_snapshot","stale_after_seconds":86400,"status":"open"},{"edge_id":1002,"observed_at_epoch_seconds":1787284353,"source":"hackathon_open_snapshot","stale_after_seconds":86400,"status":"open"},{"edge_id":1003,"observed_at_epoch_seconds":1787284353,"source":"hackathon_open_snapshot","stale_after_seconds":86400,"status":"open"},{"edge_id":1004,"observed_at_epoch_seconds":1787284353,"source":"hackathon_open_snapshot","stale_after_seconds":86400,"status":"open"},{"edge_id":1010,"observed_at_epoch_seconds":1787284353,"source":"hackathon_open_snapshot","stale_after_seconds":86400,"status":"open"},{"edge_id":1011,"observed_at_epoch_seconds":1787284353,"source":"hackathon_open_snapshot","stale_after_seconds":86400,"status":"open"}],"schema_version":1}